<html>
<body>
<pre>
<h1>礦ision Build Log</h1>
<h2>Project:</h2>
D:\YZ\_科研\ZX0016\指令发生模块\指令发生器程序YZ\OSI_ZY.uvproj
Project File Date:  12/08/2016

<h2>Output:</h2>
Rebuild target 'Target 1'
assembling startup_stm32f10x_hd.s...
compiling main.c...
User\IG_YZ.h(15): warning:  #1-D: last line of file ends without a newline
User\System_Init.h(8): warning:  #1295-D: Deprecated declaration Init_Usart2 - give arg types
User\main.c(46): warning:  #111-D: statement is unreachable
compiling System_Init.c...
User\IG_YZ.h(15): warning:  #1-D: last line of file ends without a newline
User\System_Init.h(8): warning:  #1295-D: Deprecated declaration Init_Usart2 - give arg types
compiling stm32f10x_it.c...
compiling misc.c...
compiling stm32f10x_adc.c...
compiling stm32f10x_bkp.c...
compiling stm32f10x_can.c...
compiling stm32f10x_cec.c...
compiling stm32f10x_crc.c...
compiling stm32f10x_dac.c...
compiling stm32f10x_dbgmcu.c...
compiling stm32f10x_dma.c...
compiling stm32f10x_exti.c...
compiling stm32f10x_flash.c...
compiling stm32f10x_fsmc.c...
compiling stm32f10x_gpio.c...
compiling stm32f10x_i2c.c...
compiling stm32f10x_iwdg.c...
compiling stm32f10x_pwr.c...
compiling stm32f10x_rcc.c...
compiling stm32f10x_rtc.c...
compiling stm32f10x_sdio.c...
compiling stm32f10x_spi.c...
compiling stm32f10x_tim.c...
compiling stm32f10x_usart.c...
compiling stm32f10x_wwdg.c...
compiling core_cm3.c...
compiling system_stm32f10x.c...
linking...
Program Size: Code=3960 RO-data=336 RW-data=40 ZI-data=1632  
FromELF: creating hex file...
".\Output\IG_ZY.axf" - 0 Errors, 5 Warning(s).
Load "D:\\YZ\\_科研\\ZX0016\\指令发生模块\\指令发生器程序YZ\\Output\\IG_ZY.axf" 
Set JLink Project File to "D:\YZ\_科研\ZX0016\指令发生模块\指令发生器程序YZ\JLinkSettings.ini"
* JLink Info: Device "STM32F103VE" selected (512 KB flash, 64 KB RAM).
 
JLink info:
------------
DLL: V4.68a, compiled Apr 12 2013 13:26:50
Firmware: J-Link V9 compiled Apr 21 2015 18:10:40
Hardware: V9.10
S/N : 59106098 
Feature(s) : GDB, RDI, FlashDL, FlashBP, JFlash 
 
* JLink Info: Found SWD-DP with ID 0x1BA01477
* JLink Info: Found SWD-DP with ID 0x1BA01477
* JLink Info: TPIU fitted.
* JLink Info: ETM fitted.
* JLink Info: FPUnit: 6 code (BP) slots and 2 literal slots
* JLink Info: Found Cortex-M3 r1p1, Little endian.
ROMTableAddr = 0xE00FF003
 
Target info:
------------
Device: STM32F103VE
VTarget = 3.823V
State of Pins: 
TCK: 0, TDI: 0, TDO: 0, TMS: 1, TRES: 1, TRST: 0
Hardware-Breakpoints: 6
Software-Breakpoints: 8192
Watchpoints:          4
JTAG speed: 2000 kHz
 
No Algorithm found for: 08000000H - 080010EFH
Erase skipped!
Load "D:\\YZ\\_科研\\ZX0016\\指令发生模块\\指令发生器程序YZ\\Output\\IG_ZY.axf" 
Set JLink Project File to "D:\YZ\_科研\ZX0016\指令发生模块\指令发生器程序YZ\JLinkSettings.ini"
* JLink Info: Device "STM32F103VE" selected (512 KB flash, 64 KB RAM).
 
JLink info:
------------
DLL: V4.68a, compiled Apr 12 2013 13:26:50
Firmware: J-Link V9 compiled Apr 21 2015 18:10:40
Hardware: V9.10
S/N : 59106098 
Feature(s) : GDB, RDI, FlashDL, FlashBP, JFlash 
 
* JLink Info: Found SWD-DP with ID 0x1BA01477
* JLink Info: Found SWD-DP with ID 0x1BA01477
* JLink Info: TPIU fitted.
* JLink Info: ETM fitted.
* JLink Info: FPUnit: 6 code (BP) slots and 2 literal slots
* JLink Info: Found Cortex-M3 r1p1, Little endian.
ROMTableAddr = 0xE00FF003
 
Target info:
------------
Device: STM32F103VE
VTarget = 3.843V
State of Pins: 
TCK: 0, TDI: 0, TDO: 0, TMS: 1, TRES: 1, TRST: 0
Hardware-Breakpoints: 6
Software-Breakpoints: 8192
Watchpoints:          4
JTAG speed: 2000 kHz
 
Erase Done.
Programming Done.
Verify OK.
Rebuild target 'Target 1'
assembling startup_stm32f10x_hd.s...
compiling main.c...
User\IG_YZ.h(15): warning:  #1-D: last line of file ends without a newline
User\System_Init.h(8): warning:  #1295-D: Deprecated declaration Init_Usart2 - give arg types
User\main.c(47): warning:  #111-D: statement is unreachable
compiling System_Init.c...
User\IG_YZ.h(15): warning:  #1-D: last line of file ends without a newline
User\System_Init.h(8): warning:  #1295-D: Deprecated declaration Init_Usart2 - give arg types
compiling stm32f10x_it.c...
compiling misc.c...
compiling stm32f10x_adc.c...
compiling stm32f10x_bkp.c...
compiling stm32f10x_can.c...
compiling stm32f10x_cec.c...
compiling stm32f10x_crc.c...
compiling stm32f10x_dac.c...
compiling stm32f10x_dbgmcu.c...
compiling stm32f10x_dma.c...
compiling stm32f10x_exti.c...
compiling stm32f10x_flash.c...
compiling stm32f10x_fsmc.c...
compiling stm32f10x_gpio.c...
compiling stm32f10x_i2c.c...
compiling stm32f10x_iwdg.c...
compiling stm32f10x_pwr.c...
compiling stm32f10x_rcc.c...
compiling stm32f10x_rtc.c...
compiling stm32f10x_sdio.c...
compiling stm32f10x_spi.c...
compiling stm32f10x_tim.c...
compiling stm32f10x_usart.c...
compiling stm32f10x_wwdg.c...
compiling core_cm3.c...
compiling system_stm32f10x.c...
linking...
Program Size: Code=3968 RO-data=336 RW-data=40 ZI-data=1632  
FromELF: creating hex file...
".\Output\IG_ZY.axf" - 0 Errors, 5 Warning(s).
Load "D:\\YZ\\_科研\\ZX0016\\指令发生模块\\指令发生器程序YZ\\Output\\IG_ZY.axf" 
Set JLink Project File to "D:\YZ\_科研\ZX0016\指令发生模块\指令发生器程序YZ\JLinkSettings.ini"
* JLink Info: Device "STM32F103VE" selected (512 KB flash, 64 KB RAM).
 
JLink info:
------------
DLL: V4.68a, compiled Apr 12 2013 13:26:50
Firmware: J-Link V9 compiled Apr 21 2015 18:10:40
Hardware: V9.10
S/N : 59106098 
Feature(s) : GDB, RDI, FlashDL, FlashBP, JFlash 
 
* JLink Info: Found SWD-DP with ID 0x1BA01477
* JLink Info: Found SWD-DP with ID 0x1BA01477
* JLink Info: TPIU fitted.
* JLink Info: ETM fitted.
* JLink Info: FPUnit: 6 code (BP) slots and 2 literal slots
* JLink Info: Found Cortex-M3 r1p1, Little endian.
ROMTableAddr = 0xE00FF003
 
Target info:
------------
Device: STM32F103VE
VTarget = 3.834V
State of Pins: 
TCK: 0, TDI: 0, TDO: 0, TMS: 1, TRES: 1, TRST: 0
Hardware-Breakpoints: 6
Software-Breakpoints: 8192
Watchpoints:          4
JTAG speed: 2000 kHz
 
Erase Done.
Programming Done.
Verify OK.
Application running ...
Build target 'Target 1'
compiling main.c...
User\IG_YZ.h(15): warning:  #1-D: last line of file ends without a newline
User\System_Init.h(8): warning:  #1295-D: Deprecated declaration Init_Usart2 - give arg types
User\main.c(89): warning:  #111-D: statement is unreachable
linking...
Program Size: Code=4128 RO-data=336 RW-data=40 ZI-data=1632  
FromELF: creating hex file...
".\Output\IG_ZY.axf" - 0 Errors, 3 Warning(s).
Build target 'Target 1'
compiling main.c...
User\IG_YZ.h(15): warning:  #1-D: last line of file ends without a newline
User\System_Init.h(8): warning:  #1295-D: Deprecated declaration Init_Usart2 - give arg types
User\main.c(338): error:  #20: identifier "CH30_ON" is undefined
User\main.c(340): error:  #20: identifier "CH30_OFF" is undefined
User\main.c(413): warning:  #111-D: statement is unreachable
".\Output\IG_ZY.axf" - 2 Errors, 3 Warning(s).
Target not created
Build target 'Target 1'
compiling main.c...
User\IG_YZ.h(15): warning:  #1-D: last line of file ends without a newline
User\System_Init.h(8): warning:  #1295-D: Deprecated declaration Init_Usart2 - give arg types
User\main.c(415): warning:  #111-D: statement is unreachable
linking...
Program Size: Code=5840 RO-data=336 RW-data=40 ZI-data=1632  
FromELF: creating hex file...
".\Output\IG_ZY.axf" - 0 Errors, 3 Warning(s).
Load "D:\\YZ\\_科研\\ZX0016\\指令发生模块\\指令发生器程序YZ\\Output\\IG_ZY.axf" 
Set JLink Project File to "D:\YZ\_科研\ZX0016\指令发生模块\指令发生器程序YZ\JLinkSettings.ini"
* JLink Info: Device "STM32F103VE" selected (512 KB flash, 64 KB RAM).
 
JLink info:
------------
DLL: V4.68a, compiled Apr 12 2013 13:26:50
Firmware: J-Link V9 compiled Apr 21 2015 18:10:40
Hardware: V9.10
S/N : 59106098 
Feature(s) : GDB, RDI, FlashDL, FlashBP, JFlash 
 
* JLink Info: Found SWD-DP with ID 0x1BA01477
* JLink Info: Found SWD-DP with ID 0x1BA01477
* JLink Info: TPIU fitted.
* JLink Info: ETM fitted.
* JLink Info: FPUnit: 6 code (BP) slots and 2 literal slots
* JLink Info: Found Cortex-M3 r1p1, Little endian.
ROMTableAddr = 0xE00FF003
 
Target info:
------------
Device: STM32F103VE
VTarget = 3.833V
State of Pins: 
TCK: 0, TDI: 0, TDO: 0, TMS: 1, TRES: 1, TRST: 0
Hardware-Breakpoints: 6
Software-Breakpoints: 8192
Watchpoints:          4
JTAG speed: 2000 kHz
 
Erase Done.
Programming Done.
Verify OK.
Application running ...
Load "D:\\YZ\\_科研\\ZX0016\\指令发生模块\\指令发生器程序YZ\\Output\\IG_ZY.axf" 
Set JLink Project File to "D:\YZ\_科研\ZX0016\指令发生模块\指令发生器程序YZ\JLinkSettings.ini"
* JLink Info: Device "STM32F103VE" selected (512 KB flash, 64 KB RAM).
 
JLink info:
------------
DLL: V4.68a, compiled Apr 12 2013 13:26:50
Firmware: J-Link V9 compiled Apr 21 2015 18:10:40
Hardware: V9.10
S/N : 59106098 
Feature(s) : GDB, RDI, FlashDL, FlashBP, JFlash 
 
* JLink Info: Found SWD-DP with ID 0x1BA01477
* JLink Info: Found SWD-DP with ID 0x1BA01477
* JLink Info: TPIU fitted.
* JLink Info: ETM fitted.
* JLink Info: FPUnit: 6 code (BP) slots and 2 literal slots
* JLink Info: Found Cortex-M3 r1p1, Little endian.
ROMTableAddr = 0xE00FF003
 
Target info:
------------
Device: STM32F103VE
VTarget = 3.311V
State of Pins: 
TCK: 0, TDI: 0, TDO: 0, TMS: 1, TRES: 1, TRST: 0
Hardware-Breakpoints: 6
Software-Breakpoints: 8192
Watchpoints:          4
JTAG speed: 2000 kHz
 
Erase Done.
Programming Done.
Verify OK.
Application running ...
Load "D:\\YZ\\_科研\\ZX0016\\指令发生模块\\指令发生器程序YZ\\Output\\IG_ZY.axf" 
Set JLink Project File to "D:\YZ\_科研\ZX0016\指令发生模块\指令发生器程序YZ\JLinkSettings.ini"
* JLink Info: Device "STM32F103VE" selected (512 KB flash, 64 KB RAM).
 
JLink info:
------------
DLL: V4.68a, compiled Apr 12 2013 13:26:50
Firmware: J-Link V9 compiled Apr 21 2015 18:10:40
Hardware: V9.10
S/N : 59106098 
Feature(s) : GDB, RDI, FlashDL, FlashBP, JFlash 
 
* JLink Info: Found SWD-DP with ID 0x1BA01477
* JLink Info: Found SWD-DP with ID 0x1BA01477
* JLink Info: TPIU fitted.
* JLink Info: ETM fitted.
* JLink Info: FPUnit: 6 code (BP) slots and 2 literal slots
* JLink Info: Found Cortex-M3 r1p1, Little endian.
ROMTableAddr = 0xE00FF003
 
Target info:
------------
Device: STM32F103VE
VTarget = 3.320V
State of Pins: 
TCK: 0, TDI: 0, TDO: 0, TMS: 1, TRES: 1, TRST: 0
Hardware-Breakpoints: 6
Software-Breakpoints: 8192
Watchpoints:          4
JTAG speed: 2000 kHz
 
Erase Done.
Programming Done.
Verify OK.
Application running ...
Build target 'Target 1'
compiling main.c...
User\IG_YZ.h(15): warning:  #1-D: last line of file ends without a newline
User\System_Init.h(8): warning:  #1295-D: Deprecated declaration Init_Usart2 - give arg types
User\main.c(428): warning:  #111-D: statement is unreachable
linking...
Program Size: Code=5876 RO-data=336 RW-data=40 ZI-data=1632  
FromELF: creating hex file...
".\Output\IG_ZY.axf" - 0 Errors, 3 Warning(s).
Load "D:\\YZ\\_科研\\ZX0016\\指令发生模块\\指令发生器程序YZ\\Output\\IG_ZY.axf" 
Set JLink Project File to "D:\YZ\_科研\ZX0016\指令发生模块\指令发生器程序YZ\JLinkSettings.ini"
* JLink Info: Device "STM32F103VE" selected (512 KB flash, 64 KB RAM).
 
JLink info:
------------
DLL: V4.68a, compiled Apr 12 2013 13:26:50
Firmware: J-Link V9 compiled Apr 21 2015 18:10:40
Hardware: V9.10
S/N : 59106098 
Feature(s) : GDB, RDI, FlashDL, FlashBP, JFlash 
 
* JLink Info: Found SWD-DP with ID 0x1BA01477
* JLink Info: Found SWD-DP with ID 0x1BA01477
* JLink Info: TPIU fitted.
* JLink Info: ETM fitted.
* JLink Info: FPUnit: 6 code (BP) slots and 2 literal slots
* JLink Info: Found Cortex-M3 r1p1, Little endian.
ROMTableAddr = 0xE00FF003
 
Target info:
------------
Device: STM32F103VE
VTarget = 3.841V
State of Pins: 
TCK: 0, TDI: 0, TDO: 0, TMS: 1, TRES: 1, TRST: 0
Hardware-Breakpoints: 6
Software-Breakpoints: 8192
Watchpoints:          4
JTAG speed: 2000 kHz
 
Erase Done.
Programming Done.
Verify OK.
Application running ...
Load "D:\\YZ\\_科研\\ZX0016\\指令发生模块\\指令发生器程序YZ\\Output\\IG_ZY.axf" 
Set JLink Project File to "D:\YZ\_科研\ZX0016\指令发生模块\指令发生器程序YZ\JLinkSettings.ini"
* JLink Info: Device "STM32F103VE" selected (512 KB flash, 64 KB RAM).
 
JLink info:
------------
DLL: V4.68a, compiled Apr 12 2013 13:26:50
Firmware: J-Link V9 compiled Apr 21 2015 18:10:40
Hardware: V9.10
S/N : 59106098 
Feature(s) : GDB, RDI, FlashDL, FlashBP, JFlash 
 
* JLink Info: Found SWD-DP with ID 0x1BA01477
* JLink Info: Found SWD-DP with ID 0x1BA01477
* JLink Info: TPIU fitted.
* JLink Info: ETM fitted.
* JLink Info: FPUnit: 6 code (BP) slots and 2 literal slots
* JLink Info: Found Cortex-M3 r1p1, Little endian.
ROMTableAddr = 0xE00FF003
 
Target info:
------------
Device: STM32F103VE
VTarget = 3.322V
State of Pins: 
TCK: 0, TDI: 0, TDO: 0, TMS: 1, TRES: 1, TRST: 0
Hardware-Breakpoints: 6
Software-Breakpoints: 8192
Watchpoints:          4
JTAG speed: 2000 kHz
 
Erase Done.
Programming Done.
Verify OK.
Application running ...
